[02-Jun-2026 06:43:59 UTC] ================================================================================
[02-Jun-2026 06:43:59 UTC] === INVOICE SUBMISSION STARTED ===
[02-Jun-2026 06:43:59 UTC] Invoice ID: 6456133248CMPSS020626121315
[02-Jun-2026 06:43:59 UTC] Timestamp: 2026-06-02 06:43:59
[02-Jun-2026 06:43:59 UTC] ================================================================================
[02-Jun-2026 06:43:59 UTC] Customer: 31894FSPST19022643115 (super_stockiest)
[02-Jun-2026 06:43:59 UTC] Company: 1 (company)
[02-Jun-2026 06:43:59 UTC] Invoice Number: kkk
[02-Jun-2026 06:43:59 UTC] Requires Advance Payment: YES
[02-Jun-2026 06:43:59 UTC] Invoice Totals:
[02-Jun-2026 06:43:59 UTC]   - Subtotal: Rs.1,350.00
[02-Jun-2026 06:43:59 UTC]   - Discount: Rs.0.00
[02-Jun-2026 06:43:59 UTC]   - Credit:   Rs.0.00
[02-Jun-2026 06:43:59 UTC]   - Courier:  Rs.0.00
[02-Jun-2026 06:43:59 UTC]   - TOTAL:    Rs.1,350.00
[02-Jun-2026 06:43:59 UTC] Creating receipt(s)...
[02-Jun-2026 06:43:59 UTC] Receipt Type: AUTO (Advance Payment)
[02-Jun-2026 06:43:59 UTC]   - Product (advance): Rs.1,350.00
[02-Jun-2026 06:43:59 UTC]   - Courier (pending): Rs.0.00
[02-Jun-2026 06:43:59 UTC] Receipt inserted: advance_product Rs.1,350.00
[02-Jun-2026 06:43:59 UTC] Updating invoice totals...
[02-Jun-2026 06:43:59 UTC] Invoice totals updated successfully
[02-Jun-2026 06:43:59 UTC] --------------------------------------------------------------------------------
[02-Jun-2026 06:43:59 UTC] === ADVANCE PAYMENT ADJUSTMENT START ===
[02-Jun-2026 06:43:59 UTC] Validating advance balance...
[02-Jun-2026 06:43:59 UTC] Total invoice:               Rs.1350
[02-Jun-2026 06:43:59 UTC] Courier charges (separate):  Rs.0
[02-Jun-2026 06:43:59 UTC] Amount requiring advance:     Rs.1350
[02-Jun-2026 06:43:59 UTC] Validation Result: PASS
[02-Jun-2026 06:43:59 UTC]   - Available: Rs.91,950.00
[02-Jun-2026 06:43:59 UTC]   - Required:  Rs.1,350.00
[02-Jun-2026 06:43:59 UTC] Processing advance payment deduction (FIFO)...
[02-Jun-2026 06:43:59 UTC] Total invoice amount:          Rs.1350
[02-Jun-2026 06:43:59 UTC] Courier charges:               Rs.0
[02-Jun-2026 06:43:59 UTC] Amount to deduct from advance: Rs.1350
[02-Jun-2026 06:43:59 UTC] ================================================================================
[02-Jun-2026 06:43:59 UTC] SUCCESS: ADJUSTMENT COMPLETED
[02-Jun-2026 06:43:59 UTC]   - Adjusted: Rs.1,350.00
[02-Jun-2026 06:43:59 UTC]   - Message: Adjusted Rs.1,350.00
[02-Jun-2026 06:43:59 UTC] ================================================================================
[02-Jun-2026 06:43:59 UTC] === ADVANCE PAYMENT ADJUSTMENT END ===
[02-Jun-2026 06:43:59 UTC] --------------------------------------------------------------------------------
[02-Jun-2026 06:43:59 UTC] ================================================================================
[02-Jun-2026 06:43:59 UTC] === PROCESSING STOCK UPDATES ===
[02-Jun-2026 06:43:59 UTC] Submission type: NEW
[02-Jun-2026 06:43:59 UTC] === STOCK UPDATE (StockService) START === Invoice: 6456133248CMPSS020626121315
[02-Jun-2026 06:43:59 UTC] PHP Warning:  Undefined variable $is_customer_invoice in /Applications/MAMP/htdocs/channel/femi9/billing/company/invoice-stock-update.php on line 24
[02-Jun-2026 06:43:59 UTC] PHP Warning:  Undefined variable $is_customer_invoice in /Applications/MAMP/htdocs/channel/femi9/billing/company/invoice-stock-update.php on line 75
[02-Jun-2026 06:43:59 UTC] Processing product=9 qty=10 seller=company/1 buyer=super_stockiest/31894FSPST19022643115
[02-Jun-2026 06:43:59 UTC] CRITICAL: Stock update FAILED for 6456133248CMPSS020626121315 — The number of elements in the type definition string must match the number of bind variables
[02-Jun-2026 06:43:59 UTC] !!!!!!!!!!!!!!!!!!!!!!!!!!!!!!!!!!!!!!!!!!!!!!!!!!!!!!!!!!!!!!!!!!!!!!!!!!!!!!!!
[02-Jun-2026 06:43:59 UTC] CRITICAL: Stock update failed but invoice was created
[02-Jun-2026 06:43:59 UTC] ERROR: Stock update failed: The number of elements in the type definition string must match the number of bind variables
[02-Jun-2026 06:43:59 UTC] Action Required: Manual stock adjustment needed for invoice: 6456133248CMPSS020626121315
[02-Jun-2026 06:43:59 UTC] !!!!!!!!!!!!!!!!!!!!!!!!!!!!!!!!!!!!!!!!!!!!!!!!!!!!!!!!!!!!!!!!!!!!!!!!!!!!!!!!
[02-Jun-2026 06:43:59 UTC] === STOCK UPDATES COMPLETED ===
[02-Jun-2026 06:43:59 UTC] ================================================================================
[02-Jun-2026 06:43:59 UTC] ================================================================================
[02-Jun-2026 06:43:59 UTC] === INVOICE SUBMISSION COMPLETED SUCCESSFULLY ===
[02-Jun-2026 06:43:59 UTC] Redirecting to invoice print: 6456133248CMPSS020626121315
[02-Jun-2026 06:43:59 UTC] ================================================================================
[05-Jun-2026 05:32:53 UTC] ================================================================================
[05-Jun-2026 05:32:53 UTC] === INVOICE SUBMISSION STARTED ===
[05-Jun-2026 05:32:53 UTC] Invoice ID: 3859879199CMPST050626105900 | Time: 2026-06-05 05:32:53
[05-Jun-2026 05:32:53 UTC] ================================================================================
[05-Jun-2026 05:32:53 UTC] Company: 1 (company)
[05-Jun-2026 05:32:53 UTC] Customer: 53231FST22082473724 (stockiest)
[05-Jun-2026 05:32:53 UTC] Requires advance: YES
[05-Jun-2026 05:32:53 UTC] Mode: NEW
[05-Jun-2026 05:32:53 UTC] Totals — Sub: 1800  Disc: 0  Credit: 0  Courier: 0  Total: 1800
[05-Jun-2026 05:32:53 UTC] === ADVANCE PAYMENT START ===
[05-Jun-2026 05:32:53 UTC] Advance deducted: Rs.1,800.00
[05-Jun-2026 05:32:53 UTC] === ADVANCE PAYMENT END ===
[05-Jun-2026 05:32:53 UTC] Outer transaction started
[05-Jun-2026 05:32:53 UTC] Receipt created: advance_product Rs.1800
[05-Jun-2026 05:32:53 UTC] Invoice totals updated
[05-Jun-2026 05:32:53 UTC] === STOCK UPDATE (StockService) START === Invoice: 3859879199CMPST050626105900
[05-Jun-2026 05:32:53 UTC] Processing product=9 qty=12 seller=company/1 buyer=stockiest/53231FST22082473724
[05-Jun-2026 05:32:53 UTC] CRITICAL: Stock update FAILED for 3859879199CMPST050626105900 — The number of elements in the type definition string must match the number of bind variables
[05-Jun-2026 05:32:53 UTC] Outer transaction ROLLED BACK — Stock update failed: The number of elements in the type definition string must match the number of bind variables
[05-Jun-2026 05:32:53 UTC] Stack: #0 /Applications/MAMP/htdocs/channel/femi9/billing/company/user-invoice-submit.php(328): include()
#1 {main}
[05-Jun-2026 05:33:24 UTC] ================================================================================
[05-Jun-2026 05:33:24 UTC] === INVOICE SUBMISSION STARTED ===
[05-Jun-2026 05:33:24 UTC] Invoice ID: 3859879199CMPST050626105900 | Time: 2026-06-05 05:33:24
[05-Jun-2026 05:33:24 UTC] ================================================================================
[05-Jun-2026 05:33:24 UTC] Company: 1 (company)
[05-Jun-2026 05:33:24 UTC] Customer: 53231FST22082473724 (stockiest)
[05-Jun-2026 05:33:24 UTC] Requires advance: YES
[05-Jun-2026 05:33:24 UTC] Mode: NEW
[05-Jun-2026 05:33:24 UTC] Totals — Sub: 1800  Disc: 0  Credit: 0  Courier: 0  Total: 1800
[05-Jun-2026 05:33:24 UTC] === ADVANCE PAYMENT START ===
[05-Jun-2026 05:33:24 UTC] Advance deducted: Rs.1,800.00
[05-Jun-2026 05:33:24 UTC] === ADVANCE PAYMENT END ===
[05-Jun-2026 05:33:24 UTC] Outer transaction started
[05-Jun-2026 05:33:24 UTC] Receipt created: advance_product Rs.1800
[05-Jun-2026 05:33:24 UTC] Invoice totals updated
[05-Jun-2026 05:33:24 UTC] === STOCK UPDATE (StockService) START === Invoice: 3859879199CMPST050626105900
[05-Jun-2026 05:33:24 UTC] Processing product=9 qty=12 seller=company/1 buyer=stockiest/53231FST22082473724
[05-Jun-2026 05:33:24 UTC] CRITICAL: Stock update FAILED for 3859879199CMPST050626105900 — The number of elements in the type definition string must match the number of bind variables
[05-Jun-2026 05:33:24 UTC] Outer transaction ROLLED BACK — Stock update failed: The number of elements in the type definition string must match the number of bind variables
[05-Jun-2026 05:33:24 UTC] Stack: #0 /Applications/MAMP/htdocs/channel/femi9/billing/company/user-invoice-submit.php(328): include()
#1 {main}
[05-Jun-2026 05:36:55 UTC] ================================================================================
[05-Jun-2026 05:36:55 UTC] === INVOICE SUBMISSION STARTED ===
[05-Jun-2026 05:36:55 UTC] Invoice ID: 3859879199CMPST050626105900 | Time: 2026-06-05 05:36:55
[05-Jun-2026 05:36:55 UTC] ================================================================================
[05-Jun-2026 05:36:55 UTC] Company: 1 (company)
[05-Jun-2026 05:36:55 UTC] Customer: 53231FST22082473724 (stockiest)
[05-Jun-2026 05:36:55 UTC] Requires advance: YES
[05-Jun-2026 05:36:55 UTC] Mode: NEW
[05-Jun-2026 05:36:55 UTC] Totals — Sub: 1800  Disc: 0  Credit: 0  Courier: 0  Total: 1800
[05-Jun-2026 05:36:55 UTC] === ADVANCE PAYMENT START ===
[05-Jun-2026 05:36:55 UTC] Advance deducted: Rs.1,800.00
[05-Jun-2026 05:36:55 UTC] === ADVANCE PAYMENT END ===
[05-Jun-2026 05:36:55 UTC] Outer transaction started
[05-Jun-2026 05:36:55 UTC] Receipt created: advance_product Rs.1800
[05-Jun-2026 05:36:55 UTC] Invoice totals updated
[05-Jun-2026 05:36:55 UTC] === STOCK UPDATE (StockService) START === Invoice: 3859879199CMPST050626105900
[05-Jun-2026 05:36:55 UTC] Processing product=9 qty=12 seller=company/1 buyer=stockiest/53231FST22082473724
[05-Jun-2026 05:36:55 UTC] === STOCK UPDATE COMPLETED === 1 items processed
[05-Jun-2026 05:36:55 UTC] Stock update completed
[05-Jun-2026 05:36:55 UTC] Invoice status set to 'submitted' (1 row)
[05-Jun-2026 05:36:55 UTC] Outer transaction COMMITTED
[05-Jun-2026 05:36:55 UTC] === INVOICE SUBMISSION COMPLETED: 3859879199CMPST050626105900 ===
[05-Jun-2026 05:36:55 UTC] ================================================================================
[05-Jun-2026 06:43:41 UTC] ================================================================================
[05-Jun-2026 06:43:41 UTC] === INVOICE SUBMISSION STARTED ===
[05-Jun-2026 06:43:41 UTC] Invoice ID: 9764668555CMPDST050626115533 | Time: 2026-06-05 06:43:41
[05-Jun-2026 06:43:41 UTC] ================================================================================
[05-Jun-2026 06:43:41 UTC] Company: 1 (company)
[05-Jun-2026 06:43:41 UTC] Customer: 15454FDST030925102054 (distributor)
[05-Jun-2026 06:43:41 UTC] Requires advance: NO
[05-Jun-2026 06:43:41 UTC] Mode: NEW
[05-Jun-2026 06:43:41 UTC] Totals — Sub: 18600  Disc: 0  Credit: 0  Courier: 0  Total: 18600
[05-Jun-2026 06:43:41 UTC] Outer transaction started
[05-Jun-2026 06:43:41 UTC] Receipt created: regular Rs.0
[05-Jun-2026 06:43:41 UTC] Invoice totals updated
[05-Jun-2026 06:43:41 UTC] === STOCK UPDATE (StockService) START === Invoice: 9764668555CMPDST050626115533
[05-Jun-2026 06:43:41 UTC] Processing product=9 qty=100 seller=company/1 buyer=distributor/15454FDST030925102054
[05-Jun-2026 06:43:41 UTC] === STOCK UPDATE COMPLETED === 1 items processed
[05-Jun-2026 06:43:41 UTC] Stock update completed
[05-Jun-2026 06:43:41 UTC] Invoice status set to 'submitted' (1 row)
[05-Jun-2026 06:43:41 UTC] Outer transaction COMMITTED
[05-Jun-2026 06:43:41 UTC] === INVOICE SUBMISSION COMPLETED: 9764668555CMPDST050626115533 ===
[05-Jun-2026 06:43:41 UTC] ================================================================================
[05-Jun-2026 06:45:03 UTC] ================================================================================
[05-Jun-2026 06:45:03 UTC] === INVOICE SUBMISSION STARTED ===
[05-Jun-2026 06:45:03 UTC] Invoice ID: 9764668555CMPDST050626115533 | Time: 2026-06-05 06:45:03
[05-Jun-2026 06:45:03 UTC] ================================================================================
[05-Jun-2026 06:45:03 UTC] Company: 1 (company)
[05-Jun-2026 06:45:03 UTC] Customer: 15454FDST030925102054 (distributor)
[05-Jun-2026 06:45:03 UTC] Requires advance: NO
[05-Jun-2026 06:45:03 UTC] Mode: EDIT
[05-Jun-2026 06:45:03 UTC] Totals — Sub: 18600  Disc: 0  Credit: 0  Courier: 0  Total: 18600
[05-Jun-2026 06:45:03 UTC] Invoice date updated to 2026-06-05
[05-Jun-2026 06:45:03 UTC] Outer transaction started
[05-Jun-2026 06:45:03 UTC] Old receipts deleted
[05-Jun-2026 06:45:03 UTC] Receipt created: regular Rs.18000
[05-Jun-2026 06:45:03 UTC] Invoice totals updated
[05-Jun-2026 06:45:03 UTC] Edit mode: reversed 2 ledger entries
[05-Jun-2026 06:45:03 UTC] === STOCK UPDATE (StockService) START === Invoice: 9764668555CMPDST050626115533
[05-Jun-2026 06:45:03 UTC] Processing product=9 qty=100 seller=company/1 buyer=distributor/15454FDST030925102054
[05-Jun-2026 06:45:03 UTC] === STOCK UPDATE COMPLETED === 1 items processed
[05-Jun-2026 06:45:03 UTC] Stock update completed
[05-Jun-2026 06:45:03 UTC] Outer transaction ROLLED BACK — Status update matched 0 rows for inv_id=9764668555CMPDST050626115533 from_user_type=company from_user_id=1
[05-Jun-2026 06:45:03 UTC] Stack: #0 {main}
[05-Jun-2026 06:46:02 UTC] ================================================================================
[05-Jun-2026 06:46:02 UTC] === INVOICE SUBMISSION STARTED ===
[05-Jun-2026 06:46:02 UTC] Invoice ID: 9764668555CMPDST050626115533 | Time: 2026-06-05 06:46:02
[05-Jun-2026 06:46:02 UTC] ================================================================================
[05-Jun-2026 06:46:02 UTC] Company: 1 (company)
[05-Jun-2026 06:46:02 UTC] Customer: 15454FDST030925102054 (distributor)
[05-Jun-2026 06:46:02 UTC] Requires advance: NO
[05-Jun-2026 06:46:02 UTC] Mode: EDIT
[05-Jun-2026 06:46:02 UTC] Totals — Sub: 18600  Disc: 0  Credit: 0  Courier: 0  Total: 18600
[05-Jun-2026 06:46:02 UTC] Invoice date updated to 2026-06-05
[05-Jun-2026 06:46:02 UTC] Outer transaction started
[05-Jun-2026 06:46:02 UTC] Old receipts deleted
[05-Jun-2026 06:46:02 UTC] Receipt created: regular Rs.600
[05-Jun-2026 06:46:02 UTC] Invoice totals updated
[05-Jun-2026 06:46:02 UTC] Edit mode: reversed 0 ledger entries
[05-Jun-2026 06:46:02 UTC] === STOCK UPDATE (StockService) START === Invoice: 9764668555CMPDST050626115533
[05-Jun-2026 06:46:02 UTC] INFO: Stock already applied for user_invoice 9764668555CMPDST050626115533 — skipping
[05-Jun-2026 06:46:02 UTC] Stock update completed
[05-Jun-2026 06:46:02 UTC] Outer transaction ROLLED BACK — Status update matched 0 rows for inv_id=9764668555CMPDST050626115533 from_user_type=company from_user_id=1
[05-Jun-2026 06:46:02 UTC] Stack: #0 {main}
[05-Jun-2026 07:07:58 UTC] ================================================================================
[05-Jun-2026 07:07:58 UTC] === INVOICE SUBMISSION STARTED ===
[05-Jun-2026 07:07:58 UTC] Invoice ID: 9764668555CMPDST050626115533 | Time: 2026-06-05 07:07:58
[05-Jun-2026 07:07:58 UTC] ================================================================================
[05-Jun-2026 07:07:58 UTC] Company: 1 (company)
[05-Jun-2026 07:07:58 UTC] Customer: 15454FDST030925102054 (distributor)
[05-Jun-2026 07:07:58 UTC] Requires advance: NO
[05-Jun-2026 07:07:58 UTC] Mode: EDIT
[05-Jun-2026 07:07:58 UTC] Totals — Sub: 18600  Disc: 0  Credit: 0  Courier: 0  Total: 18600
[05-Jun-2026 07:07:58 UTC] Invoice date updated to 2026-06-05
[05-Jun-2026 07:07:58 UTC] Outer transaction started
[05-Jun-2026 07:07:58 UTC] Old receipts deleted
[05-Jun-2026 07:07:58 UTC] Receipt created: regular Rs.600
[05-Jun-2026 07:07:58 UTC] Invoice totals updated
[05-Jun-2026 07:07:58 UTC] Edit mode: reversed 0 ledger entries
[05-Jun-2026 07:07:58 UTC] === STOCK UPDATE (StockService) START === Invoice: 9764668555CMPDST050626115533
[05-Jun-2026 07:07:58 UTC] INFO: Stock already applied for user_invoice 9764668555CMPDST050626115533 — skipping
[05-Jun-2026 07:07:58 UTC] Stock update completed
[05-Jun-2026 07:07:58 UTC] Outer transaction ROLLED BACK — Status update matched 0 rows for inv_id=9764668555CMPDST050626115533 from_user_type=company from_user_id=1
[05-Jun-2026 07:07:58 UTC] Stack: #0 {main}
[05-Jun-2026 07:08:32 UTC] ================================================================================
[05-Jun-2026 07:08:32 UTC] === INVOICE SUBMISSION STARTED ===
[05-Jun-2026 07:08:32 UTC] Invoice ID: 9764668555CMPDST050626115533 | Time: 2026-06-05 07:08:32
[05-Jun-2026 07:08:32 UTC] ================================================================================
[05-Jun-2026 07:08:32 UTC] Company: 1 (company)
[05-Jun-2026 07:08:32 UTC] Customer: 15454FDST030925102054 (distributor)
[05-Jun-2026 07:08:32 UTC] Requires advance: NO
[05-Jun-2026 07:08:32 UTC] Mode: EDIT
[05-Jun-2026 07:08:32 UTC] Totals — Sub: 18600  Disc: 0  Credit: 0  Courier: 0  Total: 18600
[05-Jun-2026 07:08:32 UTC] Invoice date updated to 2026-06-05
[05-Jun-2026 07:08:32 UTC] Outer transaction started
[05-Jun-2026 07:08:32 UTC] Old receipts deleted
[05-Jun-2026 07:08:32 UTC] Receipt created: regular Rs.18000
[05-Jun-2026 07:08:32 UTC] Invoice totals updated
[05-Jun-2026 07:08:32 UTC] Edit mode: reversed 0 ledger entries
[05-Jun-2026 07:08:32 UTC] === STOCK UPDATE (StockService) START === Invoice: 9764668555CMPDST050626115533
[05-Jun-2026 07:08:32 UTC] INFO: Stock already applied for user_invoice 9764668555CMPDST050626115533 — skipping
[05-Jun-2026 07:08:32 UTC] Stock update completed
[05-Jun-2026 07:08:32 UTC] Outer transaction ROLLED BACK — Status update matched 0 rows for inv_id=9764668555CMPDST050626115533 from_user_type=company from_user_id=1
[05-Jun-2026 07:08:32 UTC] Stack: #0 {main}
[05-Jun-2026 07:23:18 UTC] ================================================================================
[05-Jun-2026 07:23:18 UTC] === INVOICE SUBMISSION STARTED ===
[05-Jun-2026 07:23:18 UTC] Invoice ID: 9764668555CMPDST050626115533 | Time: 2026-06-05 07:23:18
[05-Jun-2026 07:23:18 UTC] ================================================================================
[05-Jun-2026 07:23:18 UTC] Company: 1 (company)
[05-Jun-2026 07:23:18 UTC] Customer: 15454FDST030925102054 (distributor)
[05-Jun-2026 07:23:18 UTC] Requires advance: NO
[05-Jun-2026 07:23:18 UTC] Mode: EDIT
[05-Jun-2026 07:23:18 UTC] Totals — Sub: 18600  Disc: 0  Credit: 0  Courier: 0  Total: 18600
[05-Jun-2026 07:23:18 UTC] Invoice date updated to 2026-06-05
[05-Jun-2026 07:23:18 UTC] Outer transaction started
[05-Jun-2026 07:23:18 UTC] Old receipts deleted
[05-Jun-2026 07:23:18 UTC] Receipt created: regular Rs.600
[05-Jun-2026 07:23:18 UTC] Invoice totals updated
[05-Jun-2026 07:23:18 UTC] Edit mode: reversed 0 ledger entries
[05-Jun-2026 07:23:18 UTC] === STOCK UPDATE (StockService) START === Invoice: 9764668555CMPDST050626115533
[05-Jun-2026 07:23:18 UTC] INFO: Stock already applied for user_invoice 9764668555CMPDST050626115533 — skipping
[05-Jun-2026 07:23:18 UTC] Stock update completed
[05-Jun-2026 07:23:18 UTC] Outer transaction ROLLED BACK — Status update matched 0 rows for inv_id=9764668555CMPDST050626115533 from_user_type=company from_user_id=1
[05-Jun-2026 07:23:18 UTC] Stack: #0 {main}
[05-Jun-2026 07:32:40 UTC] ================================================================================
[05-Jun-2026 07:32:40 UTC] === INVOICE SUBMISSION STARTED ===
[05-Jun-2026 07:32:40 UTC] Invoice ID: 9764668555CMPDST050626115533 | Time: 2026-06-05 07:32:40
[05-Jun-2026 07:32:40 UTC] ================================================================================
[05-Jun-2026 07:32:40 UTC] Company: 1 (company)
[05-Jun-2026 07:32:40 UTC] Customer: 15454FDST030925102054 (distributor)
[05-Jun-2026 07:32:40 UTC] Requires advance: NO
[05-Jun-2026 07:32:40 UTC] Mode: EDIT
[05-Jun-2026 07:32:40 UTC] Totals — Sub: 18600  Disc: 0  Credit: 0  Courier: 0  Total: 18600
[05-Jun-2026 07:32:40 UTC] Invoice date updated to 2026-06-05
[05-Jun-2026 07:32:40 UTC] Outer transaction started
[05-Jun-2026 07:32:40 UTC] Old receipts deleted
[05-Jun-2026 07:32:41 UTC] Receipt created: regular Rs.600
[05-Jun-2026 07:32:41 UTC] Invoice totals updated
[05-Jun-2026 07:32:41 UTC] Edit mode: reversed 0 ledger entries
[05-Jun-2026 07:32:41 UTC] === STOCK UPDATE (StockService) START === Invoice: 9764668555CMPDST050626115533
[05-Jun-2026 07:32:41 UTC] INFO: Stock already applied for user_invoice 9764668555CMPDST050626115533 — skipping
[05-Jun-2026 07:32:41 UTC] Stock update completed
[05-Jun-2026 07:32:41 UTC] Outer transaction ROLLED BACK — Status update matched 0 rows for inv_id=9764668555CMPDST050626115533 from_user_type=company from_user_id=1
[05-Jun-2026 07:32:41 UTC] Stack: #0 {main}
[06-Jun-2026 04:41:40 UTC] ================================================================================
[06-Jun-2026 04:41:40 UTC] === INVOICE SUBMISSION STARTED ===
[06-Jun-2026 04:41:40 UTC] Invoice ID: 6855282663CMPDST060626101033 | Time: 2026-06-06 04:41:40
[06-Jun-2026 04:41:40 UTC] ================================================================================
[06-Jun-2026 04:41:40 UTC] Company: 1 (company)
[06-Jun-2026 04:41:40 UTC] Customer: 15454FDST030925102054 (distributor)
[06-Jun-2026 04:41:40 UTC] Requires advance: NO
[06-Jun-2026 04:41:40 UTC] Mode: NEW
[06-Jun-2026 04:41:40 UTC] Totals — Sub: 349000  Disc: 0  Credit: 0  Courier: 0  Total: 349000
[06-Jun-2026 04:41:40 UTC] Outer transaction started
[06-Jun-2026 04:41:40 UTC] Receipt created: regular Rs.349000
[06-Jun-2026 04:41:40 UTC] Invoice totals updated
[06-Jun-2026 04:41:40 UTC] === STOCK UPDATE (StockService) START === Invoice: 6855282663CMPDST060626101033
[06-Jun-2026 04:41:40 UTC] Processing product=9 qty=1000 seller=company/1 buyer=distributor/15454FDST030925102054
[06-Jun-2026 04:41:40 UTC] Processing product=11 qty=1000 seller=company/1 buyer=distributor/15454FDST030925102054
[06-Jun-2026 04:41:40 UTC] === STOCK UPDATE COMPLETED === 2 items processed
[06-Jun-2026 04:41:40 UTC] Stock update completed
[06-Jun-2026 04:41:40 UTC] Invoice status set to 'submitted' (1 row)
[06-Jun-2026 04:41:40 UTC] Outer transaction COMMITTED
[06-Jun-2026 04:41:40 UTC] === INVOICE SUBMISSION COMPLETED: 6855282663CMPDST060626101033 ===
[06-Jun-2026 04:41:40 UTC] ================================================================================
[06-Jun-2026 04:42:17 UTC] ================================================================================
[06-Jun-2026 04:42:17 UTC] === INVOICE SUBMISSION STARTED ===
[06-Jun-2026 04:42:17 UTC] Invoice ID: 6855282663CMPDST060626101033 | Time: 2026-06-06 04:42:17
[06-Jun-2026 04:42:17 UTC] ================================================================================
[06-Jun-2026 04:42:17 UTC] Company: 1 (company)
[06-Jun-2026 04:42:17 UTC] Customer: 15454FDST030925102054 (distributor)
[06-Jun-2026 04:42:17 UTC] Requires advance: NO
[06-Jun-2026 04:42:17 UTC] Mode: EDIT
[06-Jun-2026 04:42:17 UTC] Totals — Sub: 349000  Disc: 0  Credit: 0  Courier: 0  Total: 349000
[06-Jun-2026 04:42:17 UTC] Invoice date updated to 2026-06-06
[06-Jun-2026 04:42:17 UTC] Outer transaction started
[06-Jun-2026 04:42:17 UTC] Old receipts deleted
[06-Jun-2026 04:42:17 UTC] Receipt created: regular Rs.9000
[06-Jun-2026 04:42:17 UTC] Invoice totals updated
[06-Jun-2026 04:42:17 UTC] Edit mode: reversed 0 ledger entries
[06-Jun-2026 04:42:17 UTC] === STOCK UPDATE (StockService) START === Invoice: 6855282663CMPDST060626101033
[06-Jun-2026 04:42:17 UTC] Processing product=9 qty=1000 seller=company/1 buyer=distributor/15454FDST030925102054
[06-Jun-2026 04:42:17 UTC] Processing product=11 qty=1000 seller=company/1 buyer=distributor/15454FDST030925102054
[06-Jun-2026 04:42:17 UTC] === STOCK UPDATE COMPLETED === 2 items processed
[06-Jun-2026 04:42:17 UTC] Stock update completed
[06-Jun-2026 04:42:17 UTC] Invoice status set to 'submitted' (0 row)
[06-Jun-2026 04:42:17 UTC] Outer transaction COMMITTED
[06-Jun-2026 04:42:17 UTC] === INVOICE SUBMISSION COMPLETED: 6855282663CMPDST060626101033 ===
[06-Jun-2026 04:42:17 UTC] ================================================================================
[06-Jun-2026 04:42:39 UTC] ================================================================================
[06-Jun-2026 04:42:39 UTC] === INVOICE SUBMISSION STARTED ===
[06-Jun-2026 04:42:39 UTC] Invoice ID: 6855282663CMPDST060626101033 | Time: 2026-06-06 04:42:39
[06-Jun-2026 04:42:39 UTC] ================================================================================
[06-Jun-2026 04:42:39 UTC] Company: 1 (company)
[06-Jun-2026 04:42:39 UTC] Customer: 15454FDST030925102054 (distributor)
[06-Jun-2026 04:42:39 UTC] Requires advance: NO
[06-Jun-2026 04:42:39 UTC] Mode: EDIT
[06-Jun-2026 04:42:39 UTC] Totals — Sub: 349000  Disc: 0  Credit: 0  Courier: 0  Total: 349000
[06-Jun-2026 04:42:39 UTC] Invoice date updated to 2026-06-06
[06-Jun-2026 04:42:39 UTC] Outer transaction started
[06-Jun-2026 04:42:39 UTC] Old receipts deleted
[06-Jun-2026 04:42:39 UTC] Receipt created: regular Rs.340000
[06-Jun-2026 04:42:39 UTC] Invoice totals updated
[06-Jun-2026 04:42:39 UTC] Edit mode: reversed 4 ledger entries
[06-Jun-2026 04:42:39 UTC] === STOCK UPDATE (StockService) START === Invoice: 6855282663CMPDST060626101033
[06-Jun-2026 04:42:39 UTC] Processing product=9 qty=1000 seller=company/1 buyer=distributor/15454FDST030925102054
[06-Jun-2026 04:42:39 UTC] Processing product=11 qty=1000 seller=company/1 buyer=distributor/15454FDST030925102054
[06-Jun-2026 04:42:39 UTC] === STOCK UPDATE COMPLETED === 2 items processed
[06-Jun-2026 04:42:39 UTC] Stock update completed
[06-Jun-2026 04:42:39 UTC] Invoice status set to 'submitted' (0 row)
[06-Jun-2026 04:42:39 UTC] Outer transaction COMMITTED
[06-Jun-2026 04:42:39 UTC] === INVOICE SUBMISSION COMPLETED: 6855282663CMPDST060626101033 ===
[06-Jun-2026 04:42:39 UTC] ================================================================================
[06-Jun-2026 04:45:25 UTC] ================================================================================
[06-Jun-2026 04:45:25 UTC] === INVOICE SUBMISSION STARTED ===
[06-Jun-2026 04:45:25 UTC] Invoice ID: 6855282663CMPDST060626101033 | Time: 2026-06-06 04:45:25
[06-Jun-2026 04:45:25 UTC] ================================================================================
[06-Jun-2026 04:45:25 UTC] Company: 1 (company)
[06-Jun-2026 04:45:25 UTC] Customer: 15454FDST030925102054 (distributor)
[06-Jun-2026 04:45:25 UTC] Requires advance: NO
[06-Jun-2026 04:45:25 UTC] Mode: EDIT
[06-Jun-2026 04:45:25 UTC] Totals — Sub: 186000  Disc: 0  Credit: 0  Courier: 0  Total: 186000
[06-Jun-2026 04:45:25 UTC] Invoice date updated to 2026-06-06
[06-Jun-2026 04:45:25 UTC] Outer transaction started
[06-Jun-2026 04:45:25 UTC] Old receipts deleted
[06-Jun-2026 04:45:25 UTC] Receipt created: regular Rs.186000
[06-Jun-2026 04:45:25 UTC] Invoice totals updated
[06-Jun-2026 04:45:25 UTC] Edit mode: reversed 0 ledger entries
[06-Jun-2026 04:45:25 UTC] === STOCK UPDATE (StockService) START === Invoice: 6855282663CMPDST060626101033
[06-Jun-2026 04:45:25 UTC] Processing product=9 qty=1000 seller=company/1 buyer=distributor/15454FDST030925102054
[06-Jun-2026 04:45:25 UTC] === STOCK UPDATE COMPLETED === 1 items processed
[06-Jun-2026 04:45:25 UTC] Stock update completed
[06-Jun-2026 04:45:25 UTC] Invoice status set to 'submitted' (0 row)
[06-Jun-2026 04:45:25 UTC] Outer transaction COMMITTED
[06-Jun-2026 04:45:25 UTC] === INVOICE SUBMISSION COMPLETED: 6855282663CMPDST060626101033 ===
[06-Jun-2026 04:45:25 UTC] ================================================================================
[06-Jun-2026 04:48:32 UTC] ================================================================================
[06-Jun-2026 04:48:32 UTC] === INVOICE SUBMISSION STARTED ===
[06-Jun-2026 04:48:32 UTC] Invoice ID: 6855282663CMPDST060626101033 | Time: 2026-06-06 04:48:32
[06-Jun-2026 04:48:32 UTC] ================================================================================
[06-Jun-2026 04:48:32 UTC] Company: 1 (company)
[06-Jun-2026 04:48:32 UTC] Customer: 15454FDST030925102054 (distributor)
[06-Jun-2026 04:48:32 UTC] Requires advance: NO
[06-Jun-2026 04:48:32 UTC] Mode: EDIT
[06-Jun-2026 04:48:32 UTC] Totals — Sub: 349000  Disc: 0  Credit: 0  Courier: 0  Total: 349000
[06-Jun-2026 04:48:32 UTC] Invoice date updated to 2026-06-06
[06-Jun-2026 04:48:32 UTC] Outer transaction started
[06-Jun-2026 04:48:32 UTC] Old receipts deleted
[06-Jun-2026 04:48:32 UTC] Receipt created: regular Rs.349000
[06-Jun-2026 04:48:32 UTC] Invoice totals updated
[06-Jun-2026 04:48:32 UTC] Edit mode: reversed 0 ledger entries
[06-Jun-2026 04:48:32 UTC] === STOCK UPDATE (StockService) START === Invoice: 6855282663CMPDST060626101033
[06-Jun-2026 04:48:32 UTC] Processing product=9 qty=1000 seller=company/1 buyer=distributor/15454FDST030925102054
[06-Jun-2026 04:48:32 UTC] Processing product=11 qty=1000 seller=company/1 buyer=distributor/15454FDST030925102054
[06-Jun-2026 04:48:32 UTC] === STOCK UPDATE COMPLETED === 2 items processed
[06-Jun-2026 04:48:32 UTC] Stock update completed
[06-Jun-2026 04:48:32 UTC] Invoice status set to 'submitted' (0 row)
[06-Jun-2026 04:48:32 UTC] Outer transaction COMMITTED
[06-Jun-2026 04:48:32 UTC] === INVOICE SUBMISSION COMPLETED: 6855282663CMPDST060626101033 ===
[06-Jun-2026 04:48:32 UTC] ================================================================================
[06-Jun-2026 04:49:22 UTC] ================================================================================
[06-Jun-2026 04:49:22 UTC] === INVOICE SUBMISSION STARTED ===
[06-Jun-2026 04:49:22 UTC] Invoice ID: 6855282663CMPDST060626101033 | Time: 2026-06-06 04:49:22
[06-Jun-2026 04:49:22 UTC] ================================================================================
[06-Jun-2026 04:49:22 UTC] Company: 1 (company)
[06-Jun-2026 04:49:22 UTC] Customer: 15454FDST030925102054 (distributor)
[06-Jun-2026 04:49:22 UTC] Requires advance: NO
[06-Jun-2026 04:49:22 UTC] Mode: EDIT
[06-Jun-2026 04:49:22 UTC] Totals — Sub: 163000  Disc: 0  Credit: 0  Courier: 0  Total: 163000
[06-Jun-2026 04:49:22 UTC] Invoice date updated to 2026-06-06
[06-Jun-2026 04:49:22 UTC] Outer transaction started
[06-Jun-2026 04:49:22 UTC] Old receipts deleted
[06-Jun-2026 04:49:22 UTC] Receipt created: regular Rs.163000
[06-Jun-2026 04:49:22 UTC] Invoice totals updated
[06-Jun-2026 04:49:22 UTC] Edit mode: reversed 0 ledger entries
[06-Jun-2026 04:49:22 UTC] === STOCK UPDATE (StockService) START === Invoice: 6855282663CMPDST060626101033
[06-Jun-2026 04:49:22 UTC] Processing product=11 qty=1000 seller=company/1 buyer=distributor/15454FDST030925102054
[06-Jun-2026 04:49:22 UTC] === STOCK UPDATE COMPLETED === 1 items processed
[06-Jun-2026 04:49:22 UTC] Stock update completed
[06-Jun-2026 04:49:22 UTC] Invoice status set to 'submitted' (0 row)
[06-Jun-2026 04:49:22 UTC] Outer transaction COMMITTED
[06-Jun-2026 04:49:22 UTC] === INVOICE SUBMISSION COMPLETED: 6855282663CMPDST060626101033 ===
[06-Jun-2026 04:49:22 UTC] ================================================================================
[27-Jul-2026 08:11:39 UTC] ================================================================================
[27-Jul-2026 08:11:39 UTC] === INVOICE SUBMISSION STARTED ===
[27-Jul-2026 08:11:39 UTC] Invoice ID: 9146665139CMPSS27072614118 | Time: 2026-07-27 08:11:39
[27-Jul-2026 08:11:39 UTC] ================================================================================
[27-Jul-2026 08:11:39 UTC] Company: 1 (company)
[27-Jul-2026 08:11:39 UTC] Customer: 14866FSPST26072413719 (super_stockiest)
[27-Jul-2026 08:11:39 UTC] Requires advance: YES
[27-Jul-2026 08:11:39 UTC] Mode: NEW
[27-Jul-2026 08:11:39 UTC] Totals — Sub: 25.75  Disc: 0  Credit: 0  Courier: 0  Total: 25.75
[27-Jul-2026 08:11:39 UTC] === ADVANCE PAYMENT START ===
[27-Jul-2026 08:11:39 UTC] Advance deducted: Rs.25.75
[27-Jul-2026 08:11:39 UTC] === ADVANCE PAYMENT END ===
[27-Jul-2026 08:11:39 UTC] Outer transaction started
[27-Jul-2026 08:11:39 UTC] Receipt created: advance_product Rs.25.75
[27-Jul-2026 08:11:39 UTC] Invoice totals updated
[27-Jul-2026 08:11:39 UTC] === STOCK UPDATE (StockService) START === Invoice: 9146665139CMPSS27072614118
[27-Jul-2026 08:11:39 UTC] Processing product=21 qty=1 seller=company/1 buyer=super_stockiest/14866FSPST26072413719
[27-Jul-2026 08:11:39 UTC] === STOCK UPDATE COMPLETED === 1 items processed
[27-Jul-2026 08:11:39 UTC] Stock update completed
[27-Jul-2026 08:11:39 UTC] Invoice status set to 'submitted' (1 row)
[27-Jul-2026 08:11:39 UTC] Outer transaction COMMITTED
[27-Jul-2026 08:11:39 UTC] === INVOICE SUBMISSION COMPLETED: 9146665139CMPSS27072614118 ===
[27-Jul-2026 08:11:39 UTC] ================================================================================
[27-Jul-2026 08:21:08 UTC] ================================================================================
[27-Jul-2026 08:21:08 UTC] === INVOICE SUBMISSION STARTED ===
[27-Jul-2026 08:21:08 UTC] Invoice ID: 9585859533CMPSS27072615005 | Time: 2026-07-27 08:21:08
[27-Jul-2026 08:21:08 UTC] ================================================================================
[27-Jul-2026 08:21:08 UTC] Company: 1 (company)
[27-Jul-2026 08:21:08 UTC] Customer: 14866FSPST26072413719 (super_stockiest)
[27-Jul-2026 08:21:08 UTC] Requires advance: YES
[27-Jul-2026 08:21:08 UTC] Mode: NEW
[27-Jul-2026 08:21:08 UTC] Totals — Sub: 25  Disc: 0  Credit: 0  Courier: 0  Total: 25
[27-Jul-2026 08:21:08 UTC] === ADVANCE PAYMENT START ===
[27-Jul-2026 08:21:08 UTC] Advance deducted: Rs.25.00
[27-Jul-2026 08:21:08 UTC] === ADVANCE PAYMENT END ===
[27-Jul-2026 08:21:08 UTC] Outer transaction started
[27-Jul-2026 08:21:08 UTC] Receipt created: advance_product Rs.25
[27-Jul-2026 08:21:08 UTC] Invoice totals updated
[27-Jul-2026 08:21:08 UTC] === STOCK UPDATE (StockService) START === Invoice: 9585859533CMPSS27072615005
[27-Jul-2026 08:21:08 UTC] Processing product=21 qty=1 seller=company/1 buyer=super_stockiest/14866FSPST26072413719
[27-Jul-2026 08:21:08 UTC] === STOCK UPDATE COMPLETED === 1 items processed
[27-Jul-2026 08:21:08 UTC] Stock update completed
[27-Jul-2026 08:21:08 UTC] Invoice status set to 'submitted' (1 row)
[27-Jul-2026 08:21:08 UTC] Outer transaction COMMITTED
[27-Jul-2026 08:21:08 UTC] === INVOICE SUBMISSION COMPLETED: 9585859533CMPSS27072615005 ===
[27-Jul-2026 08:21:08 UTC] ================================================================================
[27-Jul-2026 08:49:02 UTC] ================================================================================
[27-Jul-2026 08:49:02 UTC] === INVOICE SUBMISSION STARTED ===
[27-Jul-2026 08:49:02 UTC] Invoice ID: 3853571535CMPSS27072621837 | Time: 2026-07-27 08:49:02
[27-Jul-2026 08:49:02 UTC] ================================================================================
[27-Jul-2026 08:49:02 UTC] Company: 1 (company)
[27-Jul-2026 08:49:02 UTC] Customer: 14866FSPST26072413719 (super_stockiest)
[27-Jul-2026 08:49:02 UTC] Requires advance: YES
[27-Jul-2026 08:49:02 UTC] Mode: NEW
[27-Jul-2026 08:49:02 UTC] Totals — Sub: 165  Disc: 0  Credit: 0  Courier: 0  Total: 165
[27-Jul-2026 08:49:02 UTC] === ADVANCE PAYMENT START ===
[27-Jul-2026 08:49:02 UTC] Advance deducted: Rs.165.00
[27-Jul-2026 08:49:02 UTC] === ADVANCE PAYMENT END ===
[27-Jul-2026 08:49:02 UTC] Outer transaction started
[27-Jul-2026 08:49:02 UTC] Receipt created: advance_product Rs.165
[27-Jul-2026 08:49:02 UTC] Invoice totals updated
[27-Jul-2026 08:49:02 UTC] === STOCK UPDATE (StockService) START === Invoice: 3853571535CMPSS27072621837
[27-Jul-2026 08:49:02 UTC] Processing product=1 qty=1 seller=company/1 buyer=super_stockiest/14866FSPST26072413719
[27-Jul-2026 08:49:02 UTC] Processing product=21 qty=1 seller=company/1 buyer=super_stockiest/14866FSPST26072413719
[27-Jul-2026 08:49:02 UTC] === STOCK UPDATE COMPLETED === 2 items processed
[27-Jul-2026 08:49:02 UTC] Stock update completed
[27-Jul-2026 08:49:02 UTC] Invoice status set to 'submitted' (1 row)
[27-Jul-2026 08:49:02 UTC] Outer transaction COMMITTED
[27-Jul-2026 08:49:02 UTC] === INVOICE SUBMISSION COMPLETED: 3853571535CMPSS27072621837 ===
[27-Jul-2026 08:49:02 UTC] ================================================================================
[29-Jul-2026 11:11:24 UTC] ================================================================================
[29-Jul-2026 11:11:24 UTC] === INVOICE SUBMISSION STARTED ===
[29-Jul-2026 11:11:24 UTC] Invoice ID: 4782648772CMPSS29072643936 | Time: 2026-07-29 11:11:24
[29-Jul-2026 11:11:24 UTC] ================================================================================
[29-Jul-2026 11:11:24 UTC] Company: 1 (company)
[29-Jul-2026 11:11:24 UTC] Customer: 14866FSPST26072413719 (super_stockiest)
[29-Jul-2026 11:11:24 UTC] Requires advance: YES
[29-Jul-2026 11:11:24 UTC] Mode: NEW
[29-Jul-2026 11:11:24 UTC] Totals — Sub: 1390  Disc: 0  Credit: 0  Courier: 0  Total: 1390
[29-Jul-2026 11:11:24 UTC] === ADVANCE PAYMENT START ===
[29-Jul-2026 11:11:24 UTC] Advance deducted: Rs.1,390.00
[29-Jul-2026 11:11:24 UTC] === ADVANCE PAYMENT END ===
[29-Jul-2026 11:11:24 UTC] Outer transaction started
[29-Jul-2026 11:11:24 UTC] Receipt created: advance_product Rs.1390
[29-Jul-2026 11:11:24 UTC] Invoice totals updated
[29-Jul-2026 11:11:24 UTC] === STOCK UPDATE (StockService) START === Invoice: 4782648772CMPSS29072643936
[29-Jul-2026 11:11:24 UTC] Processing product=1 qty=10 seller=company/1 buyer=super_stockiest/14866FSPST26072413719
[29-Jul-2026 11:11:24 UTC] === STOCK UPDATE COMPLETED === 1 items processed
[29-Jul-2026 11:11:24 UTC] Stock update completed
[29-Jul-2026 11:11:24 UTC] Invoice status set to 'submitted' (1 row)
[29-Jul-2026 11:11:24 UTC] Outer transaction COMMITTED
[29-Jul-2026 11:11:24 UTC] === INVOICE SUBMISSION COMPLETED: 4782648772CMPSS29072643936 ===
[29-Jul-2026 11:11:24 UTC] ================================================================================
[31-Jul-2026 15:43:43 UTC] ================================================================================
[31-Jul-2026 15:43:43 UTC] === INVOICE SUBMISSION STARTED ===
[31-Jul-2026 15:43:43 UTC] Invoice ID: 2716711684CMPSS31072691310 | Time: 2026-07-31 15:43:43
[31-Jul-2026 15:43:43 UTC] ================================================================================
[31-Jul-2026 15:43:43 UTC] Company: 1 (company)
[31-Jul-2026 15:43:43 UTC] Customer: 78981FSPST151125104328 (super_stockiest)
[31-Jul-2026 15:43:43 UTC] Requires advance: YES
[31-Jul-2026 15:43:43 UTC] Mode: NEW
[31-Jul-2026 15:43:43 UTC] Totals — Sub: 38  Disc: 0  Credit: 0  Courier: 0  Total: 38
[31-Jul-2026 15:43:43 UTC] === ADVANCE PAYMENT START ===
[31-Jul-2026 15:43:43 UTC] Advance deducted: Rs.38.00
[31-Jul-2026 15:43:43 UTC] === ADVANCE PAYMENT END ===
[31-Jul-2026 15:43:43 UTC] Outer transaction started
[31-Jul-2026 15:43:43 UTC] Receipt created: advance_product Rs.38
[31-Jul-2026 15:43:43 UTC] Invoice totals updated
[31-Jul-2026 15:43:43 UTC] === STOCK UPDATE (StockService) START === Invoice: 2716711684CMPSS31072691310
[31-Jul-2026 15:43:43 UTC] Processing product=17 qty=1 seller=company/1 buyer=super_stockiest/78981FSPST151125104328
[31-Jul-2026 15:43:43 UTC] === STOCK UPDATE COMPLETED === 1 items processed
[31-Jul-2026 15:43:43 UTC] Stock update completed
[31-Jul-2026 15:43:43 UTC] Invoice status set to 'submitted' (1 row)
[31-Jul-2026 15:43:43 UTC] Outer transaction COMMITTED
[31-Jul-2026 15:43:43 UTC] === INVOICE SUBMISSION COMPLETED: 2716711684CMPSS31072691310 ===
[31-Jul-2026 15:43:43 UTC] ================================================================================
