[2026-07-31 05:42:24] OCR extracted 107 chars from test_payment_screenshot.png
[2026-07-31 06:03:44] OCR extracted 74 chars from phpseLnhW
[2026-07-31 06:43:20] OCR extracted 161 chars from phpd9YMNI
[2026-07-31 06:43:32] OCR extracted 439 chars from phpIuicMT
[2026-07-31 06:54:40] OCR extracted 373 chars from phpw81Jhy
[2026-07-31 07:46:46] OCR extracted 373 chars from phpRIudOU
[2026-07-31 07:52:43] OCR extracted 373 chars from phpo7cDke
[2026-07-31 07:55:03] OCR extracted 247 chars from php1XhazR
[2026-07-31 07:56:03] OCR extracted 247 chars from phpnO33ez
[2026-07-31 07:56:37] OCR extracted 179 chars from phpTWPAbu
[2026-07-31 10:24:25] OCR extracted 373 chars from phpR9PSgY
[2026-07-31 10:24:38] OCR extracted 179 chars from php2yM3AF
[2026-07-31 10:27:17] OCR extracted 347 chars from phpUqf1rH
[2026-07-31 10:30:02] OCR extracted 179 chars from phpYftLuN
[2026-07-31 10:32:48] OCR extracted 230 chars from phpu1huG6
[2026-07-31 10:34:27] OCR extracted 298 chars from phpesYzPl
[2026-07-31 10:34:37] OCR extracted 335 chars from phpNhTt8T
[2026-07-31 10:34:49] OCR extracted 179 chars from phpqaFOzb
[2026-07-31 10:43:20] OCR extracted 179 chars from php3mhmlC
[2026-07-31 10:43:51] OCR extracted 335 chars from phpyagfO1
[2026-07-31 10:44:06] OCR extracted 321 chars from phpnxFqmi
[2026-07-31 10:44:38] OCR extracted 298 chars from phpCojJnu
[2026-07-31 10:51:53] OCR extracted 298 chars from phpjSpRh3
[2026-08-04 12:42:27] OCR extracted 483 chars from phpcdpUBl
[2026-08-04 12:42:45] OCR extracted 336 chars from phpIfUbje
[2026-08-06 09:52:35] OCR extracted 230 chars from phpvZ7HHl
[2026-08-19 12:04:42] OCR extracted 349 chars from phpF1F3.tmp
[2026-08-19 12:04:49] OCR extracted 349 chars from php101B.tmp
[2026-08-19 12:05:19] OCR extracted 349 chars from php850D.tmp
[2026-08-19 12:05:54] OCR extracted 349 chars from phpF6D.tmp
